******************************************************************************
                  MSP430 Linker PC v4.1.5                      
******************************************************************************
>> Linked Sun Jun 23 23:49:32 2013

OUTPUT FILE NAME:   <g2332_grace_adc_push_demo.out>
ENTRY POINT SYMBOL: "_c_int00"  address: 0000f092


MEMORY CONFIGURATION

         name            origin    length      used     unused   attr    fill
----------------------  --------  ---------  --------  --------  ----  --------
  SFR                   00000000   00000010  00000000  00000010  RWIX
  PERIPHERALS_8BIT      00000010   000000f0  00000000  000000f0  RWIX
  PERIPHERALS_16BIT     00000100   00000100  00000000  00000100  RWIX
  RAM                   00000200   00000100  00000040  000000c0  RWIX
  INFOD                 00001000   00000040  00000000  00000040  RWIX
  INFOC                 00001040   00000040  00000000  00000040  RWIX
  INFOB                 00001080   00000040  00000000  00000040  RWIX
  INFOA                 000010c0   00000040  00000000  00000040  RWIX
  FLASH                 0000f000   00000fe0  00000146  00000e9a  RWIX
  INT00                 0000ffe0   00000002  00000000  00000002  RWIX
  INT01                 0000ffe2   00000002  00000000  00000002  RWIX
  INT02                 0000ffe4   00000002  00000000  00000002  RWIX
  INT03                 0000ffe6   00000002  00000000  00000002  RWIX
  INT04                 0000ffe8   00000002  00000000  00000002  RWIX
  INT05                 0000ffea   00000002  00000002  00000000  RWIX
  INT06                 0000ffec   00000002  00000000  00000002  RWIX
  INT07                 0000ffee   00000002  00000000  00000002  RWIX
  INT08                 0000fff0   00000002  00000000  00000002  RWIX
  INT09                 0000fff2   00000002  00000000  00000002  RWIX
  INT10                 0000fff4   00000002  00000000  00000002  RWIX
  INT11                 0000fff6   00000002  00000000  00000002  RWIX
  INT12                 0000fff8   00000002  00000000  00000002  RWIX
  INT13                 0000fffa   00000002  00000000  00000002  RWIX
  INT14                 0000fffc   00000002  00000000  00000002  RWIX
  RESET                 0000fffe   00000002  00000002  00000000  RWIX


SECTION ALLOCATION MAP

 output                                  attributes/
section   page    origin      length       input sections
--------  ----  ----------  ----------   ----------------
xdc.meta   0    00000000    00000114     COPY SECTION
                  00000000    00000114     main_pe430.oe430 (xdc.meta)

.cinit     0    0000f000    00000000     UNINITIALIZED

.init_array 
*          0    0000f000    00000000     UNINITIALIZED

.stack     0    000002c0    00000040     UNINITIALIZED
                  000002c0    00000002     ti.targets.msp430.rts430.ae430 : boot.oe430 (.stack)
                  000002c2    0000003e     --HOLE--

.text      0    0000f000    00000146     
                  0000f000    0000006a     ti.targets.msp430.rts430.ae430 : autoinit.oe430 (.text:_auto_init)
                  0000f06a    00000028     grace.lib : BCSplus_init.obj (.text:BCSplus_graceInit)
                  0000f092    00000026     ti.targets.msp430.rts430.ae430 : boot.oe430 (.text:_c_int00_noexit)
                  0000f0b8    00000024     grace.lib : GPIO_init.obj (.text:GPIO_graceInit)
                  0000f0dc    00000020               : Grace_init.obj (.text:Grace_init)
                  0000f0fc    0000001a               : ADC10_init.obj (.text:ADC10_graceInit)
                  0000f116    00000010     rts430_eabi.lib : epilog.obj (.text)
                  0000f126    00000008     grace.lib : WDTplus_init.obj (.text:WDTplus_graceInit)
                  0000f12e    00000008     main.obj (.text:main)
                  0000f136    00000004     grace.lib : System_init.obj (.text:System_graceInit)
                  0000f13a    00000004     ti.targets.msp430.rts430.ae430 : pre_init.oe430 (.text:_system_pre_init)
                  0000f13e    00000004     rts430_eabi.lib : exit.obj (.text:abort)
                  0000f142    00000002     InterruptVectors_init.obj (.text:ADC10_ISR_HOOK)
                  0000f144    00000002     InterruptVectors_init.obj (.text:InterruptVectors_graceInit)

ADC10      0    0000ffea    00000002     
                  0000ffea    00000002     InterruptVectors_init.obj (.int05)

.reset     0    0000fffe    00000002     
                  0000fffe    00000002     ti.targets.msp430.rts430.ae430 : boot.oe430 (.reset)


GLOBAL SYMBOLS: SORTED ALPHABETICALLY BY Name 

address    name
--------   ----
0000004a   ADC10AE0
000001b0   ADC10CTL0
000001b2   ADC10CTL1
00000048   ADC10DTC0
00000049   ADC10DTC1
000001b4   ADC10MEM
000001bc   ADC10SA
0000f142   ADC10_ISR_HOOK
0000f0fc   ADC10_graceInit
00000057   BCSCTL1
00000058   BCSCTL2
00000053   BCSCTL3
0000f06a   BCSplus_graceInit
0000f13e   C$$EXIT
000010fb   CALBC1_12MHZ
000010f9   CALBC1_16MHZ
000010ff   CALBC1_1MHZ
000010fd   CALBC1_8MHZ
000010fa   CALDCO_12MHZ
000010f8   CALDCO_16MHZ
000010fe   CALDCO_1MHZ
000010fc   CALDCO_8MHZ
00000056   DCOCTL
00000128   FCTL1
0000012a   FCTL2
0000012c   FCTL3
0000f0b8   GPIO_graceInit
0000f0dc   Grace_init
00000000   IE1
00000002   IFG1
0000f144   InterruptVectors_graceInit
00000022   P1DIR
00000025   P1IE
00000024   P1IES
00000023   P1IFG
00000020   P1IN
00000021   P1OUT
00000027   P1REN
00000026   P1SEL
00000041   P1SEL2
0000002a   P2DIR
0000002d   P2IE
0000002c   P2IES
0000002b   P2IFG
00000028   P2IN
00000029   P2OUT
0000002f   P2REN
0000002e   P2SEL
00000042   P2SEL2
0000f136   System_graceInit
00000172   TA0CCR0
00000174   TA0CCR1
00000176   TA0CCR2
00000162   TA0CCTL0
00000164   TA0CCTL1
00000166   TA0CCTL2
00000160   TA0CTL
0000012e   TA0IV
00000170   TA0R
0000007a   USICCTL
0000007a   USICKCTL
0000007b   USICNT
00000078   USICTL
00000078   USICTL0
00000079   USICTL1
0000007c   USISR
0000007d   USISRH
0000007c   USISRL
00000120   WDTCTL
0000f126   WDTplus_graceInit
00000000   __ASM__
0000008a   __ISA__
0000009c   __PLAT__
00000300   __STACK_END
00000040   __STACK_SIZE
000000c0   __TARG__
UNDEFED    __TI_CINIT_Base
UNDEFED    __TI_CINIT_Limit
UNDEFED    __TI_Handler_Table_Base
UNDEFED    __TI_Handler_Table_Limit
UNDEFED    __TI_INITARRAY_Base
UNDEFED    __TI_INITARRAY_Limit
00000001   __TI_args_main
00000001   __TI_exit
000000ec   __TRDR__
ffffffff   __binit__
ffffffff   __c_args__
0000f122   __mspabi_func_epilog_1
0000f120   __mspabi_func_epilog_2
0000f11e   __mspabi_func_epilog_3
0000f11c   __mspabi_func_epilog_4
0000f11a   __mspabi_func_epilog_5
0000f118   __mspabi_func_epilog_6
0000f116   __mspabi_func_epilog_7
0000f000   _auto_init
0000f092   _c_int00
0000f092   _c_int00_noexit
0000fffe   _reset_vector
000002c0   _stack
0000f13a   _system_pre_init
0000f13e   abort
ffffffff   binit
0000f12e   main
00000000   xdc_runtime_Startup__EXECFXN__C
00000000   xdc_runtime_Startup__RESETFXN__C
00000000   xdc_runtime_Startup_exec__E
00000000   xdc_runtime_Startup_reset__I


GLOBAL SYMBOLS: SORTED BY Symbol Address 

address    name
--------   ----
00000000   IE1
00000000   __ASM__
00000000   xdc_runtime_Startup__EXECFXN__C
00000000   xdc_runtime_Startup__RESETFXN__C
00000000   xdc_runtime_Startup_exec__E
00000000   xdc_runtime_Startup_reset__I
00000001   __TI_args_main
00000001   __TI_exit
00000002   IFG1
00000020   P1IN
00000021   P1OUT
00000022   P1DIR
00000023   P1IFG
00000024   P1IES
00000025   P1IE
00000026   P1SEL
00000027   P1REN
00000028   P2IN
00000029   P2OUT
0000002a   P2DIR
0000002b   P2IFG
0000002c   P2IES
0000002d   P2IE
0000002e   P2SEL
0000002f   P2REN
00000040   __STACK_SIZE
00000041   P1SEL2
00000042   P2SEL2
00000048   ADC10DTC0
00000049   ADC10DTC1
0000004a   ADC10AE0
00000053   BCSCTL3
00000056   DCOCTL
00000057   BCSCTL1
00000058   BCSCTL2
00000078   USICTL
00000078   USICTL0
00000079   USICTL1
0000007a   USICCTL
0000007a   USICKCTL
0000007b   USICNT
0000007c   USISR
0000007c   USISRL
0000007d   USISRH
0000008a   __ISA__
0000009c   __PLAT__
000000c0   __TARG__
000000ec   __TRDR__
00000120   WDTCTL
00000128   FCTL1
0000012a   FCTL2
0000012c   FCTL3
0000012e   TA0IV
00000160   TA0CTL
00000162   TA0CCTL0
00000164   TA0CCTL1
00000166   TA0CCTL2
00000170   TA0R
00000172   TA0CCR0
00000174   TA0CCR1
00000176   TA0CCR2
000001b0   ADC10CTL0
000001b2   ADC10CTL1
000001b4   ADC10MEM
000001bc   ADC10SA
000002c0   _stack
00000300   __STACK_END
000010f8   CALDCO_16MHZ
000010f9   CALBC1_16MHZ
000010fa   CALDCO_12MHZ
000010fb   CALBC1_12MHZ
000010fc   CALDCO_8MHZ
000010fd   CALBC1_8MHZ
000010fe   CALDCO_1MHZ
000010ff   CALBC1_1MHZ
0000f000   _auto_init
0000f06a   BCSplus_graceInit
0000f092   _c_int00
0000f092   _c_int00_noexit
0000f0b8   GPIO_graceInit
0000f0dc   Grace_init
0000f0fc   ADC10_graceInit
0000f116   __mspabi_func_epilog_7
0000f118   __mspabi_func_epilog_6
0000f11a   __mspabi_func_epilog_5
0000f11c   __mspabi_func_epilog_4
0000f11e   __mspabi_func_epilog_3
0000f120   __mspabi_func_epilog_2
0000f122   __mspabi_func_epilog_1
0000f126   WDTplus_graceInit
0000f12e   main
0000f136   System_graceInit
0000f13a   _system_pre_init
0000f13e   C$$EXIT
0000f13e   abort
0000f142   ADC10_ISR_HOOK
0000f144   InterruptVectors_graceInit
0000fffe   _reset_vector
ffffffff   __binit__
ffffffff   __c_args__
ffffffff   binit
UNDEFED    __TI_CINIT_Base
UNDEFED    __TI_CINIT_Limit
UNDEFED    __TI_Handler_Table_Base
UNDEFED    __TI_Handler_Table_Limit
UNDEFED    __TI_INITARRAY_Base
UNDEFED    __TI_INITARRAY_Limit

[107 symbols]
