******************************************************************************
                  MSP430 Linker PC v4.1.2                      
******************************************************************************
>> Linked Sun May 05 15:26:42 2013

OUTPUT FILE NAME:   <msp430g2xx2_usi_09.out>
ENTRY POINT SYMBOL: "_c_int00"  address: 0000f1f6


MEMORY CONFIGURATION

         name            origin    length      used     unused   attr    fill
----------------------  --------  ---------  --------  --------  ----  --------
  SFR                   00000000   00000010  00000000  00000010  RWIX
  PERIPHERALS_8BIT      00000010   000000f0  00000000  000000f0  RWIX
  PERIPHERALS_16BIT     00000100   00000100  00000000  00000100  RWIX
  RAM                   00000200   00000100  00000054  000000ac  RWIX
  INFOD                 00001000   00000040  00000000  00000040  RWIX
  INFOC                 00001040   00000040  00000000  00000040  RWIX
  INFOB                 00001080   00000040  00000000  00000040  RWIX
  INFOA                 000010c0   00000040  00000000  00000040  RWIX
  FLASH                 0000f000   00000fe0  00000262  00000d7e  RWIX
  INT00                 0000ffe0   00000002  00000000  00000002  RWIX
  INT01                 0000ffe2   00000002  00000000  00000002  RWIX
  INT02                 0000ffe4   00000002  00000000  00000002  RWIX
  INT03                 0000ffe6   00000002  00000000  00000002  RWIX
  INT04                 0000ffe8   00000002  00000002  00000000  RWIX
  INT05                 0000ffea   00000002  00000000  00000002  RWIX
  INT06                 0000ffec   00000002  00000000  00000002  RWIX
  INT07                 0000ffee   00000002  00000000  00000002  RWIX
  INT08                 0000fff0   00000002  00000000  00000002  RWIX
  INT09                 0000fff2   00000002  00000000  00000002  RWIX
  INT10                 0000fff4   00000002  00000000  00000002  RWIX
  INT11                 0000fff6   00000002  00000000  00000002  RWIX
  INT12                 0000fff8   00000002  00000000  00000002  RWIX
  INT13                 0000fffa   00000002  00000000  00000002  RWIX
  INT14                 0000fffc   00000002  00000000  00000002  RWIX
  RESET                 0000fffe   00000002  00000002  00000000  RWIX


SECTION ALLOCATION MAP

 output                                  attributes/
section   page    origin      length       input sections
--------  ----  ----------  ----------   ----------------
.init_array 
*          0    0000f000    00000000     UNINITIALIZED

.data      0    00000200    00000004     
                  00000200    00000004     msp430g2xx2_usi_09.obj (.data)

.TI.persistent 
*          0    00000200    00000000     UNINITIALIZED

.stack     0    000002b0    00000050     UNINITIALIZED
                  000002b0    00000002     rts430_eabi.lib : boot.obj (.stack)
                  000002b2    0000004e     --HOLE--

.text      0    0000f000    00000252     
                  0000f000    000000dc     msp430g2xx2_usi_09.obj (.text:USI_TXRX)
                  0000f0dc    0000005e     rts430_eabi.lib : copy_decompress_rle.obj (.text:__TI_decompress_rle_core)
                  0000f13a    0000005e                     : autoinit.obj (.text:_auto_init)
                  0000f198    0000005e     msp430g2xx2_usi_09.obj (.text:main)
                  0000f1f6    0000001a     rts430_eabi.lib : boot.obj (.text:_c_int00_noexit)
                  0000f210    00000012                     : copy_decompress_none.obj (.text:decompress:none:__TI_decompress_none)
                  0000f222    00000012                     : memcpy.obj (.text:memcpy)
                  0000f234    00000010                     : epilog.obj (.text)
                  0000f244    00000006                     : copy_decompress_rle.obj (.text:decompress:rle24:__TI_decompress_rle24)
                  0000f24a    00000004                     : pre_init.obj (.text:_system_pre_init)
                  0000f24e    00000004                     : exit.obj (.text:abort)

.cinit     0    0000f252    00000010     
                  0000f252    00000008     (.cinit..data.load) [load image]
                  0000f25a    00000004     (__TI_handler_table)
                  0000f25e    00000004     (__TI_cinit_table)

USI        0    0000ffe8    00000002     
                  0000ffe8    00000002     msp430g2xx2_usi_09.obj (.int04)

.reset     0    0000fffe    00000002     
                  0000fffe    00000002     rts430_eabi.lib : boot.obj (.reset)


LINKER GENERATED COPY TABLES

__TI_cinit_table @ 0000f25e records: 1, size/record: 4, table size: 4
	.data: load addr=0000f252, load size=00000008 bytes, run addr=00000200, run size=00000004 bytes, compression=copy


LINKER GENERATED HANDLER TABLE

__TI_handler_table @ 0000f25a records: 2, size/record: 2, table size: 4
	index: 0, handler: __TI_decompress_rle24
	index: 1, handler: __TI_decompress_none


GLOBAL SYMBOLS: SORTED ALPHABETICALLY BY Name 

address    name
--------   ----
0000004a   ADC10AE0
000001b0   ADC10CTL0
000001b2   ADC10CTL1
00000048   ADC10DTC0
00000049   ADC10DTC1
000001b4   ADC10MEM
000001bc   ADC10SA
00000057   BCSCTL1
00000058   BCSCTL2
00000053   BCSCTL3
0000f24e   C$$EXIT
000010fb   CALBC1_12MHZ
000010f9   CALBC1_16MHZ
000010ff   CALBC1_1MHZ
000010fd   CALBC1_8MHZ
000010fa   CALDCO_12MHZ
000010f8   CALDCO_16MHZ
000010fe   CALDCO_1MHZ
000010fc   CALDCO_8MHZ
00000056   DCOCTL
00000128   FCTL1
0000012a   FCTL2
0000012c   FCTL3
00000202   I2C_State
00000000   IE1
00000002   IFG1
00000022   P1DIR
00000025   P1IE
00000024   P1IES
00000023   P1IFG
00000020   P1IN
00000021   P1OUT
00000027   P1REN
00000026   P1SEL
00000041   P1SEL2
0000002a   P2DIR
0000002d   P2IE
0000002c   P2IES
0000002b   P2IFG
00000028   P2IN
00000029   P2OUT
0000002f   P2REN
0000002e   P2SEL
00000042   P2SEL2
00000201   SLV_Addr
00000200   SLV_Data
00000172   TA0CCR0
00000174   TA0CCR1
00000176   TA0CCR2
00000162   TA0CCTL0
00000164   TA0CCTL1
00000166   TA0CCTL2
00000160   TA0CTL
0000012e   TA0IV
00000170   TA0R
0000007a   USICCTL
0000007a   USICKCTL
0000007b   USICNT
00000078   USICTL
00000078   USICTL0
00000079   USICTL1
0000007c   USISR
0000007d   USISRH
0000007c   USISRL
0000f000   USI_TXRX
00000120   WDTCTL
00000300   __STACK_END
00000050   __STACK_SIZE
0000f25e   __TI_CINIT_Base
0000f262   __TI_CINIT_Limit
0000f25a   __TI_Handler_Table_Base
0000f25e   __TI_Handler_Table_Limit
UNDEFED    __TI_INITARRAY_Base
UNDEFED    __TI_INITARRAY_Limit
00000001   __TI_args_main
0000f210   __TI_decompress_none
0000f244   __TI_decompress_rle24
00000001   __TI_exit
ffffffff   __binit__
ffffffff   __c_args__
0000f240   __mspabi_func_epilog_1
0000f23e   __mspabi_func_epilog_2
0000f23c   __mspabi_func_epilog_3
0000f23a   __mspabi_func_epilog_4
0000f238   __mspabi_func_epilog_5
0000f236   __mspabi_func_epilog_6
0000f234   __mspabi_func_epilog_7
0000f13a   _auto_init
0000f1f6   _c_int00
0000f1f6   _c_int00_noexit
0000fffe   _reset_vector
000002b0   _stack
0000f24a   _system_pre_init
0000f24e   abort
ffffffff   binit
0000f198   main
0000f222   memcpy


GLOBAL SYMBOLS: SORTED BY Symbol Address 

address    name
--------   ----
00000000   IE1
00000001   __TI_args_main
00000001   __TI_exit
00000002   IFG1
00000020   P1IN
00000021   P1OUT
00000022   P1DIR
00000023   P1IFG
00000024   P1IES
00000025   P1IE
00000026   P1SEL
00000027   P1REN
00000028   P2IN
00000029   P2OUT
0000002a   P2DIR
0000002b   P2IFG
0000002c   P2IES
0000002d   P2IE
0000002e   P2SEL
0000002f   P2REN
00000041   P1SEL2
00000042   P2SEL2
00000048   ADC10DTC0
00000049   ADC10DTC1
0000004a   ADC10AE0
00000050   __STACK_SIZE
00000053   BCSCTL3
00000056   DCOCTL
00000057   BCSCTL1
00000058   BCSCTL2
00000078   USICTL
00000078   USICTL0
00000079   USICTL1
0000007a   USICCTL
0000007a   USICKCTL
0000007b   USICNT
0000007c   USISR
0000007c   USISRL
0000007d   USISRH
00000120   WDTCTL
00000128   FCTL1
0000012a   FCTL2
0000012c   FCTL3
0000012e   TA0IV
00000160   TA0CTL
00000162   TA0CCTL0
00000164   TA0CCTL1
00000166   TA0CCTL2
00000170   TA0R
00000172   TA0CCR0
00000174   TA0CCR1
00000176   TA0CCR2
000001b0   ADC10CTL0
000001b2   ADC10CTL1
000001b4   ADC10MEM
000001bc   ADC10SA
00000200   SLV_Data
00000201   SLV_Addr
00000202   I2C_State
000002b0   _stack
00000300   __STACK_END
000010f8   CALDCO_16MHZ
000010f9   CALBC1_16MHZ
000010fa   CALDCO_12MHZ
000010fb   CALBC1_12MHZ
000010fc   CALDCO_8MHZ
000010fd   CALBC1_8MHZ
000010fe   CALDCO_1MHZ
000010ff   CALBC1_1MHZ
0000f000   USI_TXRX
0000f13a   _auto_init
0000f198   main
0000f1f6   _c_int00
0000f1f6   _c_int00_noexit
0000f210   __TI_decompress_none
0000f222   memcpy
0000f234   __mspabi_func_epilog_7
0000f236   __mspabi_func_epilog_6
0000f238   __mspabi_func_epilog_5
0000f23a   __mspabi_func_epilog_4
0000f23c   __mspabi_func_epilog_3
0000f23e   __mspabi_func_epilog_2
0000f240   __mspabi_func_epilog_1
0000f244   __TI_decompress_rle24
0000f24a   _system_pre_init
0000f24e   C$$EXIT
0000f24e   abort
0000f25a   __TI_Handler_Table_Base
0000f25e   __TI_CINIT_Base
0000f25e   __TI_Handler_Table_Limit
0000f262   __TI_CINIT_Limit
0000fffe   _reset_vector
ffffffff   __binit__
ffffffff   __c_args__
ffffffff   binit
UNDEFED    __TI_INITARRAY_Base
UNDEFED    __TI_INITARRAY_Limit

[97 symbols]
