******************************************************************************
                  MSP430 Linker PC v4.1.2                      
******************************************************************************
>> Linked Mon May 06 16:14:39 2013

OUTPUT FILE NAME:   <msp430g2xx2_usi_15.out>
ENTRY POINT SYMBOL: "_c_int00"  address: 0000f2aa


MEMORY CONFIGURATION

         name            origin    length      used     unused   attr    fill
----------------------  --------  ---------  --------  --------  ----  --------
  SFR                   00000000   00000010  00000000  00000010  RWIX
  PERIPHERALS_8BIT      00000010   000000f0  00000000  000000f0  RWIX
  PERIPHERALS_16BIT     00000100   00000100  00000000  00000100  RWIX
  RAM                   00000200   00000100  0000005c  000000a4  RWIX
  INFOD                 00001000   00000040  00000000  00000040  RWIX
  INFOC                 00001040   00000040  00000000  00000040  RWIX
  INFOB                 00001080   00000040  00000000  00000040  RWIX
  INFOA                 000010c0   00000040  00000000  00000040  RWIX
  FLASH                 0000f000   00000fe0  00000348  00000c98  RWIX
  INT00                 0000ffe0   00000002  00000000  00000002  RWIX
  INT01                 0000ffe2   00000002  00000000  00000002  RWIX
  INT02                 0000ffe4   00000002  00000000  00000002  RWIX
  INT03                 0000ffe6   00000002  00000000  00000002  RWIX
  INT04                 0000ffe8   00000002  00000002  00000000  RWIX
  INT05                 0000ffea   00000002  00000000  00000002  RWIX
  INT06                 0000ffec   00000002  00000000  00000002  RWIX
  INT07                 0000ffee   00000002  00000000  00000002  RWIX
  INT08                 0000fff0   00000002  00000000  00000002  RWIX
  INT09                 0000fff2   00000002  00000002  00000000  RWIX
  INT10                 0000fff4   00000002  00000000  00000002  RWIX
  INT11                 0000fff6   00000002  00000000  00000002  RWIX
  INT12                 0000fff8   00000002  00000000  00000002  RWIX
  INT13                 0000fffa   00000002  00000000  00000002  RWIX
  INT14                 0000fffc   00000002  00000000  00000002  RWIX
  RESET                 0000fffe   00000002  00000002  00000000  RWIX


SECTION ALLOCATION MAP

 output                                  attributes/
section   page    origin      length       input sections
--------  ----  ----------  ----------   ----------------
.init_array 
*          0    0000f000    00000000     UNINITIALIZED

.bss       0    00000200    00000006     UNINITIALIZED
                  00000200    00000006     msp430g2xx2_usi_15.obj (.bss)

.TI.noinit 
*          0    00000200    00000000     UNINITIALIZED

.data      0    00000206    00000006     
                  00000206    00000006     msp430g2xx2_usi_15.obj (.data)

.TI.persistent 
*          0    00000206    00000000     UNINITIALIZED

.stack     0    000002b0    00000050     UNINITIALIZED
                  000002b0    00000002     rts430_eabi.lib : boot.obj (.stack)
                  000002b2    0000004e     --HOLE--

.text      0    0000f000    0000032c     
                  0000f000    0000012a     msp430g2xx2_usi_15.obj (.text:USI_TXRX)
                  0000f12a    0000005e     rts430_eabi.lib : copy_decompress_rle.obj (.text:__TI_decompress_rle_core)
                  0000f188    0000005e                     : autoinit.obj (.text:_auto_init)
                  0000f1e6    00000050     msp430g2xx2_usi_15.obj (.text:main)
                  0000f236    0000003a     msp430g2xx2_usi_15.obj (.text:Setup_USI_Slave)
                  0000f270    0000001e     msp430g2xx2_usi_15.obj (.text:TX_Data)
                  0000f28e    0000001c     msp430g2xx2_usi_15.obj (.text:Timer_A)
                  0000f2aa    0000001a     rts430_eabi.lib : boot.obj (.text:_c_int00_noexit)
                  0000f2c4    00000014                     : copy_zero_init.obj (.text:decompress:ZI:__TI_zero_init)
                  0000f2d8    00000012     msp430g2xx2_usi_15.obj (.text:Data_RX)
                  0000f2ea    00000012     rts430_eabi.lib : copy_decompress_none.obj (.text:decompress:none:__TI_decompress_none)
                  0000f2fc    00000012                     : memcpy.obj (.text:memcpy)
                  0000f30e    00000010                     : epilog.obj (.text)
                  0000f31e    00000006                     : copy_decompress_rle.obj (.text:decompress:rle24:__TI_decompress_rle24)
                  0000f324    00000004                     : pre_init.obj (.text:_system_pre_init)
                  0000f328    00000004                     : exit.obj (.text:abort)

.cinit     0    0000f32c    0000001c     
                  0000f32c    0000000a     (.cinit..data.load) [load image]
                  0000f336    00000006     (__TI_handler_table)
                  0000f33c    00000004     (.cinit..bss.load) [load image, compression = zero_init]
                  0000f340    00000008     (__TI_cinit_table)

USI        0    0000ffe8    00000002     
                  0000ffe8    00000002     msp430g2xx2_usi_15.obj (.int04)

TIMER0_A0 
*          0    0000fff2    00000002     
                  0000fff2    00000002     msp430g2xx2_usi_15.obj (.int09)

.reset     0    0000fffe    00000002     
                  0000fffe    00000002     rts430_eabi.lib : boot.obj (.reset)


LINKER GENERATED COPY TABLES

__TI_cinit_table @ 0000f340 records: 2, size/record: 4, table size: 8
	.data: load addr=0000f32c, load size=0000000a bytes, run addr=00000206, run size=00000006 bytes, compression=copy
	.bss: load addr=0000f33c, load size=00000004 bytes, run addr=00000200, run size=00000006 bytes, compression=zero_init


LINKER GENERATED HANDLER TABLE

__TI_handler_table @ 0000f336 records: 3, size/record: 2, table size: 6
	index: 0, handler: __TI_zero_init
	index: 1, handler: __TI_decompress_rle24
	index: 2, handler: __TI_decompress_none


GLOBAL SYMBOLS: SORTED ALPHABETICALLY BY Name 

address    name
--------   ----
0000004a   ADC10AE0
000001b0   ADC10CTL0
000001b2   ADC10CTL1
00000048   ADC10DTC0
00000049   ADC10DTC1
000001b4   ADC10MEM
000001bc   ADC10SA
00000057   BCSCTL1
00000058   BCSCTL2
00000053   BCSCTL3
00000202   Bytecount
0000f328   C$$EXIT
000010fb   CALBC1_12MHZ
000010f9   CALBC1_16MHZ
000010ff   CALBC1_1MHZ
000010fd   CALBC1_8MHZ
000010fa   CALDCO_12MHZ
000010f8   CALDCO_16MHZ
000010fe   CALDCO_1MHZ
000010fc   CALDCO_8MHZ
00000056   DCOCTL
0000f2d8   Data_RX
00000128   FCTL1
0000012a   FCTL2
0000012c   FCTL3
00000200   I2C_State
00000000   IE1
00000002   IFG1
00000206   MST_Data
00000022   P1DIR
00000025   P1IE
00000024   P1IES
00000023   P1IFG
00000020   P1IN
00000021   P1OUT
00000027   P1REN
00000026   P1SEL
00000041   P1SEL2
0000002a   P2DIR
0000002d   P2IE
0000002c   P2IES
0000002b   P2IFG
00000028   P2IN
00000029   P2OUT
0000002f   P2REN
0000002e   P2SEL
00000042   P2SEL2
00000208   SLV_Addr
00000207   SLV_Data
0000f236   Setup_USI_Slave
00000172   TA0CCR0
00000174   TA0CCR1
00000176   TA0CCR2
00000162   TA0CCTL0
00000164   TA0CCTL1
00000166   TA0CCTL2
00000160   TA0CTL
0000012e   TA0IV
00000170   TA0R
0000f270   TX_Data
0000f28e   Timer_A
0000007a   USICCTL
0000007a   USICKCTL
0000007b   USICNT
00000078   USICTL
00000078   USICTL0
00000079   USICTL1
0000007c   USISR
0000007d   USISRH
0000007c   USISRL
0000f000   USI_TXRX
00000120   WDTCTL
00000300   __STACK_END
00000050   __STACK_SIZE
0000f340   __TI_CINIT_Base
0000f348   __TI_CINIT_Limit
0000f336   __TI_Handler_Table_Base
0000f33c   __TI_Handler_Table_Limit
UNDEFED    __TI_INITARRAY_Base
UNDEFED    __TI_INITARRAY_Limit
00000001   __TI_args_main
0000f2ea   __TI_decompress_none
0000f31e   __TI_decompress_rle24
00000001   __TI_exit
0000f2c4   __TI_zero_init
ffffffff   __binit__
ffffffff   __c_args__
0000f31a   __mspabi_func_epilog_1
0000f318   __mspabi_func_epilog_2
0000f316   __mspabi_func_epilog_3
0000f314   __mspabi_func_epilog_4
0000f312   __mspabi_func_epilog_5
0000f310   __mspabi_func_epilog_6
0000f30e   __mspabi_func_epilog_7
0000f188   _auto_init
0000f2aa   _c_int00
0000f2aa   _c_int00_noexit
0000fffe   _reset_vector
000002b0   _stack
0000f324   _system_pre_init
0000f328   abort
ffffffff   binit
00000204   i
0000f1e6   main
0000f2fc   memcpy
0000020a   transmit


GLOBAL SYMBOLS: SORTED BY Symbol Address 

address    name
--------   ----
00000000   IE1
00000001   __TI_args_main
00000001   __TI_exit
00000002   IFG1
00000020   P1IN
00000021   P1OUT
00000022   P1DIR
00000023   P1IFG
00000024   P1IES
00000025   P1IE
00000026   P1SEL
00000027   P1REN
00000028   P2IN
00000029   P2OUT
0000002a   P2DIR
0000002b   P2IFG
0000002c   P2IES
0000002d   P2IE
0000002e   P2SEL
0000002f   P2REN
00000041   P1SEL2
00000042   P2SEL2
00000048   ADC10DTC0
00000049   ADC10DTC1
0000004a   ADC10AE0
00000050   __STACK_SIZE
00000053   BCSCTL3
00000056   DCOCTL
00000057   BCSCTL1
00000058   BCSCTL2
00000078   USICTL
00000078   USICTL0
00000079   USICTL1
0000007a   USICCTL
0000007a   USICKCTL
0000007b   USICNT
0000007c   USISR
0000007c   USISRL
0000007d   USISRH
00000120   WDTCTL
00000128   FCTL1
0000012a   FCTL2
0000012c   FCTL3
0000012e   TA0IV
00000160   TA0CTL
00000162   TA0CCTL0
00000164   TA0CCTL1
00000166   TA0CCTL2
00000170   TA0R
00000172   TA0CCR0
00000174   TA0CCR1
00000176   TA0CCR2
000001b0   ADC10CTL0
000001b2   ADC10CTL1
000001b4   ADC10MEM
000001bc   ADC10SA
00000200   I2C_State
00000202   Bytecount
00000204   i
00000206   MST_Data
00000207   SLV_Data
00000208   SLV_Addr
0000020a   transmit
000002b0   _stack
00000300   __STACK_END
000010f8   CALDCO_16MHZ
000010f9   CALBC1_16MHZ
000010fa   CALDCO_12MHZ
000010fb   CALBC1_12MHZ
000010fc   CALDCO_8MHZ
000010fd   CALBC1_8MHZ
000010fe   CALDCO_1MHZ
000010ff   CALBC1_1MHZ
0000f000   USI_TXRX
0000f188   _auto_init
0000f1e6   main
0000f236   Setup_USI_Slave
0000f270   TX_Data
0000f28e   Timer_A
0000f2aa   _c_int00
0000f2aa   _c_int00_noexit
0000f2c4   __TI_zero_init
0000f2d8   Data_RX
0000f2ea   __TI_decompress_none
0000f2fc   memcpy
0000f30e   __mspabi_func_epilog_7
0000f310   __mspabi_func_epilog_6
0000f312   __mspabi_func_epilog_5
0000f314   __mspabi_func_epilog_4
0000f316   __mspabi_func_epilog_3
0000f318   __mspabi_func_epilog_2
0000f31a   __mspabi_func_epilog_1
0000f31e   __TI_decompress_rle24
0000f324   _system_pre_init
0000f328   C$$EXIT
0000f328   abort
0000f336   __TI_Handler_Table_Base
0000f33c   __TI_Handler_Table_Limit
0000f340   __TI_CINIT_Base
0000f348   __TI_CINIT_Limit
0000fffe   _reset_vector
ffffffff   __binit__
ffffffff   __c_args__
ffffffff   binit
UNDEFED    __TI_INITARRAY_Base
UNDEFED    __TI_INITARRAY_Limit

[106 symbols]
